// Jest Snapshot v1, https://goo.gl/fbAQLP

exports[`<Card/> renders the component 1`] = `
<div
  className="card "
>
  HELLO
</div>
`;
